Archive member included to satisfy reference by file (symbol)

d:/study/phanmem/stm32cubeide_1.7.0/stm32cubeide/plugins/com.st.stm32cube.ide.mcu.externaltools.gnu-tools-for-stm32.9-2020-q2-update.win32_2.0.0.202105311346/tools/bin/../lib/gcc/arm-none-eabi/9.3.1/../../../../arm-none-eabi/lib/thumb/v7-m/nofp\libc_nano.a(lib_a-errno.o)
                              ./Core/Src/syscalls.o (__errno)
d:/study/phanmem/stm32cubeide_1.7.0/stm32cubeide/plugins/com.st.stm32cube.ide.mcu.externaltools.gnu-tools-for-stm32.9-2020-q2-update.win32_2.0.0.202105311346/tools/bin/../lib/gcc/arm-none-eabi/9.3.1/../../../../arm-none-eabi/lib/thumb/v7-m/nofp\libc_nano.a(lib_a-exit.o)
                              d:/study/phanmem/stm32cubeide_1.7.0/stm32cubeide/plugins/com.st.stm32cube.ide.mcu.externaltools.gnu-tools-for-stm32.9-2020-q2-update.win32_2.0.0.202105311346/tools/bin/../lib/gcc/arm-none-eabi/9.3.1/../../../../arm-none-eabi/lib/thumb/v7-m/nofp/crt0.o (exit)
d:/study/phanmem/stm32cubeide_1.7.0/stm32cubeide/plugins/com.st.stm32cube.ide.mcu.externaltools.gnu-tools-for-stm32.9-2020-q2-update.win32_2.0.0.202105311346/tools/bin/../lib/gcc/arm-none-eabi/9.3.1/../../../../arm-none-eabi/lib/thumb/v7-m/nofp\libc_nano.a(lib_a-impure.o)
                              d:/study/phanmem/stm32cubeide_1.7.0/stm32cubeide/plugins/com.st.stm32cube.ide.mcu.externaltools.gnu-tools-for-stm32.9-2020-q2-update.win32_2.0.0.202105311346/tools/bin/../lib/gcc/arm-none-eabi/9.3.1/../../../../arm-none-eabi/lib/thumb/v7-m/nofp\libc_nano.a(lib_a-exit.o) (_global_impure_ptr)
d:/study/phanmem/stm32cubeide_1.7.0/stm32cubeide/plugins/com.st.stm32cube.ide.mcu.externaltools.gnu-tools-for-stm32.9-2020-q2-update.win32_2.0.0.202105311346/tools/bin/../lib/gcc/arm-none-eabi/9.3.1/../../../../arm-none-eabi/lib/thumb/v7-m/nofp\libc_nano.a(lib_a-init.o)
                              d:/study/phanmem/stm32cubeide_1.7.0/stm32cubeide/plugins/com.st.stm32cube.ide.mcu.externaltools.gnu-tools-for-stm32.9-2020-q2-update.win32_2.0.0.202105311346/tools/bin/../lib/gcc/arm-none-eabi/9.3.1/../../../../arm-none-eabi/lib/thumb/v7-m/nofp/crt0.o (__libc_init_array)
d:/study/phanmem/stm32cubeide_1.7.0/stm32cubeide/plugins/com.st.stm32cube.ide.mcu.externaltools.gnu-tools-for-stm32.9-2020-q2-update.win32_2.0.0.202105311346/tools/bin/../lib/gcc/arm-none-eabi/9.3.1/../../../../arm-none-eabi/lib/thumb/v7-m/nofp\libc_nano.a(lib_a-memset.o)
                              d:/study/phanmem/stm32cubeide_1.7.0/stm32cubeide/plugins/com.st.stm32cube.ide.mcu.externaltools.gnu-tools-for-stm32.9-2020-q2-update.win32_2.0.0.202105311346/tools/bin/../lib/gcc/arm-none-eabi/9.3.1/../../../../arm-none-eabi/lib/thumb/v7-m/nofp/crt0.o (memset)

Allocating common symbols
Common symbol       size              file

D                   0x1               ./Core/Src/LED7Seg_Display.o
Led_7Seg_Array      0x38              ./Core/Src/LED7Seg_Display.o
b                   0x1               ./Core/Src/LED7Seg_Display.o
f                   0x1               ./Core/Src/LED7Seg_Display.o
flag_timer          0xa               ./Core/Src/software_timer.o
A                   0x1               ./Core/Src/LED7Seg_Display.o
g                   0x1               ./Core/Src/LED7Seg_Display.o
timer_counter       0x28              ./Core/Src/software_timer.o
uwTick              0x4               ./Drivers/STM32F1xx_HAL_Driver/Src/stm32f1xx_hal.o
pFlash              0x20              ./Drivers/STM32F1xx_HAL_Driver/Src/stm32f1xx_hal_flash.o
B                   0x1               ./Core/Src/LED7Seg_Display.o
TimeOutForKeyPress  0x6               ./Core/Src/button.o
C                   0x1               ./Core/Src/LED7Seg_Display.o
c                   0x1               ./Core/Src/LED7Seg_Display.o
d                   0x1               ./Core/Src/LED7Seg_Display.o
htim2               0x48              ./Core/Src/main.o
KeyReg              0x18              ./Core/Src/button.o
a                   0x1               ./Core/Src/LED7Seg_Display.o
e                   0x1               ./Core/Src/LED7Seg_Display.o
buffer_7Seg         0x8               ./Core/Src/global.o

Discarded input sections

 .text          0x0000000000000000        0x0 d:/study/phanmem/stm32cubeide_1.7.0/stm32cubeide/plugins/com.st.stm32cube.ide.mcu.externaltools.gnu-tools-for-stm32.9-2020-q2-update.win32_2.0.0.202105311346/tools/bin/../lib/gcc/arm-none-eabi/9.3.1/thumb/v7-m/nofp/crti.o
 .data          0x0000000000000000        0x0 d:/study/phanmem/stm32cubeide_1.7.0/stm32cubeide/plugins/com.st.stm32cube.ide.mcu.externaltools.gnu-tools-for-stm32.9-2020-q2-update.win32_2.0.0.202105311346/tools/bin/../lib/gcc/arm-none-eabi/9.3.1/thumb/v7-m/nofp/crti.o
 .bss           0x0000000000000000        0x0 d:/study/phanmem/stm32cubeide_1.7.0/stm32cubeide/plugins/com.st.stm32cube.ide.mcu.externaltools.gnu-tools-for-stm32.9-2020-q2-update.win32_2.0.0.202105311346/tools/bin/../lib/gcc/arm-none-eabi/9.3.1/thumb/v7-m/nofp/crti.o
[...]
Memory Configuration

Name             Origin             Length             Attributes
RAM              0x0000000020000000 0x0000000000002800 xrw
FLASH            0x0000000008000000 0x0000000000008000 xr
*default*        0x0000000000000000 0xffffffffffffffff

Linker script and memory map

LOAD d:/study/phanmem/stm32cubeide_1.7.0/stm32cubeide/plugins/com.st.stm32cube.ide.mcu.externaltools.gnu-tools-for-stm32.9-2020-q2-update.win32_2.0.0.202105311346/tools/bin/../lib/gcc/arm-none-eabi/9.3.1/thumb/v7-m/nofp/crti.o
LOAD d:/study/phanmem/stm32cubeide_1.7.0/stm32cubeide/plugins/com.st.stm32cube.ide.mcu.externaltools.gnu-tools-for-stm32.9-2020-q2-update.win32_2.0.0.202105311346/tools/bin/../lib/gcc/arm-none-eabi/9.3.1/thumb/v7-m/nofp/crtbegin.o
LOAD d:/study/phanmem/stm32cubeide_1.7.0/stm32cubeide/plugins/com.st.stm32cube.ide.mcu.externaltools.gnu-tools-for-stm32.9-2020-q2-update.win32_2.0.0.202105311346/tools/bin/../lib/gcc/arm-none-eabi/9.3.1/../../../../arm-none-eabi/lib/thumb/v7-m/nofp/crt0.o
LOAD ./Core/Src/FMS_mode.o
LOAD ./Core/Src/LED7Seg_Display.o
LOAD ./Core/Src/Quet_LED7Seg.o
LOAD ./Core/Src/button.o
LOAD ./Core/Src/global.o
LOAD ./Core/Src/main.o
LOAD ./Core/Src/software_timer.o
LOAD ./Core/Src/stm32f1xx_hal_msp.o
LOAD ./Core/Src/stm32f1xx_it.o
LOAD ./Core/Src/syscalls.o
LOAD ./Core/Src/sysmem.o
LOAD ./Core/Src/system_stm32f1xx.o
LOAD ./Core/Src/traffic_light.o
LOAD ./Core/Startup/startup_stm32f103c6ux.o
LOAD ./Drivers/STM32F1xx_HAL_Driver/Src/stm32f1xx_hal.o
LOAD ./Drivers/STM32F1xx_HAL_Driver/Src/stm32f1xx_hal_cortex.o
LOAD ./Drivers/STM32F1xx_HAL_Driver/Src/stm32f1xx_hal_dma.o
LOAD ./Drivers/STM32F1xx_HAL_Driver/Src/stm32f1xx_hal_exti.o
LOAD ./Drivers/STM32F1xx_HAL_Driver/Src/stm32f1xx_hal_flash.o
LOAD ./Drivers/STM32F1xx_HAL_Driver/Src/stm32f1xx_hal_flash_ex.o
LOAD ./Drivers/STM32F1xx_HAL_Driver/Src/stm32f1xx_hal_gpio.o
LOAD ./Drivers/STM32F1xx_HAL_Driver/Src/stm32f1xx_hal_gpio_ex.o
LOAD ./Drivers/STM32F1xx_HAL_Driver/Src/stm32f1xx_hal_pwr.o
LOAD ./Drivers/STM32F1xx_HAL_Driver/Src/stm32f1xx_hal_rcc.o
LOAD ./Drivers/STM32F1xx_HAL_Driver/Src/stm32f1xx_hal_rcc_ex.o
LOAD ./Drivers/STM32F1xx_HAL_Driver/Src/stm32f1xx_hal_tim.o
LOAD ./Drivers/STM32F1xx_HAL_Driver/Src/stm32f1xx_hal_tim_ex.o
START GROUP
LOAD d:/study/phanmem/stm32cubeide_1.7.0/stm32cubeide/plugins/com.st.stm32cube.ide.mcu.externaltools.gnu-tools-for-stm32.9-2020-q2-update.win32_2.0.0.202105311346/tools/bin/../lib/gcc/arm-none-eabi/9.3.1/../../../../arm-none-eabi/lib/thumb/v7-m/nofp\libc_nano.a
LOAD d:/study/phanmem/stm32cubeide_1.7.0/stm32cubeide/plugins/com.st.stm32cube.ide.mcu.externaltools.gnu-tools-for-stm32.9-2020-q2-update.win32_2.0.0.202105311346/tools/bin/../lib/gcc/arm-none-eabi/9.3.1/../../../../arm-none-eabi/lib/thumb/v7-m/nofp\libm.a
END GROUP
START GROUP
LOAD d:/study/phanmem/stm32cubeide_1.7.0/stm32cubeide/plugins/com.st.stm32cube.ide.mcu.externaltools.gnu-tools-for-stm32.9-2020-q2-update.win32_2.0.0.202105311346/tools/bin/../lib/gcc/arm-none-eabi/9.3.1/thumb/v7-m/nofp\libgcc.a
LOAD d:/study/phanmem/stm32cubeide_1.7.0/stm32cubeide/plugins/com.st.stm32cube.ide.mcu.externaltools.gnu-tools-for-stm32.9-2020-q2-update.win32_2.0.0.202105311346/tools/bin/../lib/gcc/arm-none-eabi/9.3.1/../../../../arm-none-eabi/lib/thumb/v7-m/nofp\libc_nano.a
END GROUP
START GROUP
LOAD d:/study/phanmem/stm32cubeide_1.7.0/stm32cubeide/plugins/com.st.stm32cube.ide.mcu.externaltools.gnu-tools-for-stm32.9-2020-q2-update.win32_2.0.0.202105311346/tools/bin/../lib/gcc/arm-none-eabi/9.3.1/thumb/v7-m/nofp\libgcc.a
LOAD d:/study/phanmem/stm32cubeide_1.7.0/stm32cubeide/plugins/com.st.stm32cube.ide.mcu.externaltools.gnu-tools-for-stm32.9-2020-q2-update.win32_2.0.0.202105311346/tools/bin/../lib/gcc/arm-none-eabi/9.3.1/../../../../arm-none-eabi/lib/thumb/v7-m/nofp\libc_nano.a
LOAD d:/study/phanmem/stm32cubeide_1.7.0/stm32cubeide/plugins/com.st.stm32cube.ide.mcu.externaltools.gnu-tools-for-stm32.9-2020-q2-update.win32_2.0.0.202105311346/tools/bin/../lib/gcc/arm-none-eabi/9.3.1/../../../../arm-none-eabi/lib/thumb/v7-m/nofp\libnosys.a
END GROUP
START GROUP
LOAD d:/study/phanmem/stm32cubeide_1.7.0/stm32cubeide/plugins/com.st.stm32cube.ide.mcu.externaltools.gnu-tools-for-stm32.9-2020-q2-update.win32_2.0.0.202105311346/tools/bin/../lib/gcc/arm-none-eabi/9.3.1/thumb/v7-m/nofp\libgcc.a
LOAD d:/study/phanmem/stm32cubeide_1.7.0/stm32cubeide/plugins/com.st.stm32cube.ide.mcu.externaltools.gnu-tools-for-stm32.9-2020-q2-update.win32_2.0.0.202105311346/tools/bin/../lib/gcc/arm-none-eabi/9.3.1/../../../../arm-none-eabi/lib/thumb/v7-m/nofp\libc_nano.a
LOAD d:/study/phanmem/stm32cubeide_1.7.0/stm32cubeide/plugins/com.st.stm32cube.ide.mcu.externaltools.gnu-tools-for-stm32.9-2020-q2-update.win32_2.0.0.202105311346/tools/bin/../lib/gcc/arm-none-eabi/9.3.1/../../../../arm-none-eabi/lib/thumb/v7-m/nofp\libnosys.a
END GROUP
LOAD d:/study/phanmem/stm32cubeide_1.7.0/stm32cubeide/plugins/com.st.stm32cube.ide.mcu.externaltools.gnu-tools-for-stm32.9-2020-q2-update.win32_2.0.0.202105311346/tools/bin/../lib/gcc/arm-none-eabi/9.3.1/thumb/v7-m/nofp/crtend.o
LOAD d:/study/phanmem/stm32cubeide_1.7.0/stm32cubeide/plugins/com.st.stm32cube.ide.mcu.externaltools.gnu-tools-for-stm32.9-2020-q2-update.win32_2.0.0.202105311346/tools/bin/../lib/gcc/arm-none-eabi/9.3.1/thumb/v7-m/nofp/crtn.o
                0x0000000020002800                _estack = (ORIGIN (RAM) + LENGTH (RAM))
                0x0000000000000200                _Min_Heap_Size = 0x200
                0x0000000000000400                _Min_Stack_Size = 0x400

.isr_vector     0x0000000008000000      0x10c
                0x0000000008000000                . = ALIGN (0x4)
 *(.isr_vector)
 .isr_vector    0x0000000008000000      0x10c ./Core/Startup/startup_stm32f103c6ux.o
                0x0000000008000000                g_pfnVectors
                0x000000000800010c                . = ALIGN (0x4)

.text           0x000000000800010c     0x29e8
                0x000000000800010c                . = ALIGN (0x4)
 *(.text)
 .text          0x000000000800010c       0x40 d:/study/phanmem/stm32cubeide_1.7.0/stm32cubeide/plugins/com.st.stm32cube.ide.mcu.externaltools.gnu-tools-for-stm32.9-2020-q2-update.win32_2.0.0.202105311346/tools/bin/../lib/gcc/arm-none-eabi/9.3.1/thumb/v7-m/nofp/crtbegin.o
 *(.text*)
 .text.FMS_mode_run
                0x000000000800014c      0x2b4 ./Core/Src/FMS_mode.o
                0x000000000800014c                FMS_mode_run
 .text.Led7Seg_int
                0x0000000008000400       0x44 ./Core/Src/LED7Seg_Display.o
                0x0000000008000400                Led7Seg_int
 .text.calculator_BCD_to_7SEG
                0x0000000008000444      0x2a8 ./Core/Src/LED7Seg_Display.o
                0x0000000008000444                calculator_BCD_to_7SEG
 .text.display7SEG
                0x00000000080006ec      0x124 ./Core/Src/LED7Seg_Display.o
                0x00000000080006ec                display7SEG
 .text.clear_all_EN
                0x0000000008000810       0x40 ./Core/Src/Quet_LED7Seg.o
                0x0000000008000810                clear_all_EN
 .text.Quet_7Seg_run
                0x0000000008000850      0x1b0 ./Core/Src/Quet_LED7Seg.o
                0x0000000008000850                Quet_7Seg_run
 .text.init_gpi_button
                0x0000000008000a00       0x78 ./Core/Src/button.o
                0x0000000008000a00                init_gpi_button
 .text.isButtonPressed
                0x0000000008000a78       0x34 ./Core/Src/button.o
                0x0000000008000a78                isButtonPressed
 .text.isButtonLongPressed
                0x0000000008000aac       0x34 ./Core/Src/button.o
                0x0000000008000aac                isButtonLongPressed
 .text.getKeyInput
                0x0000000008000ae0      0x140 ./Core/Src/button.o
                0x0000000008000ae0                getKeyInput
 .text.update_buffer_7Seg
                0x0000000008000c20       0x98 ./Core/Src/global.o
                0x0000000008000c20                update_buffer_7Seg
 .text.main     0x0000000008000cb8       0x24 ./Core/Src/main.o
                0x0000000008000cb8                main
 .text.SystemClock_Config
                0x0000000008000cdc       0x76 ./Core/Src/main.o
                0x0000000008000cdc                SystemClock_Config
 *fill*         0x0000000008000d52        0x2 
 .text.MX_TIM2_Init
                0x0000000008000d54       0x98 ./Core/Src/main.o
 .text.MX_GPIO_Init
                0x0000000008000dec       0xc4 ./Core/Src/main.o
 .text.Error_Handler
                0x0000000008000eb0        0xa ./Core/Src/main.o
                0x0000000008000eb0                Error_Handler
 *fill*         0x0000000008000eba        0x2 
 .text.is_flag_set
                0x0000000008000ebc       0x20 ./Core/Src/software_timer.o
                0x0000000008000ebc                is_flag_set
 .text.setTimer
                0x0000000008000edc       0x44 ./Core/Src/software_timer.o
                0x0000000008000edc                setTimer
 .text.timer_run
                0x0000000008000f20       0x50 ./Core/Src/software_timer.o
                0x0000000008000f20                timer_run
 .text.HAL_TIM_PeriodElapsedCallback
                0x0000000008000f70       0x22 ./Core/Src/software_timer.o
                0x0000000008000f70                HAL_TIM_PeriodElapsedCallback
 *fill*         0x0000000008000f92        0x2 
 .text.HAL_MspInit
                0x0000000008000f94       0x64 ./Core/Src/stm32f1xx_hal_msp.o
                0x0000000008000f94                HAL_MspInit
 .text.HAL_TIM_Base_MspInit
                0x0000000008000ff8       0x48 ./Core/Src/stm32f1xx_hal_msp.o
                0x0000000008000ff8                HAL_TIM_Base_MspInit
 .text.NMI_Handler
                0x0000000008001040        0x6 ./Core/Src/stm32f1xx_it.o
                0x0000000008001040                NMI_Handler
 .text.HardFault_Handler
                0x0000000008001046        0x6 ./Core/Src/stm32f1xx_it.o
                0x0000000008001046                HardFault_Handler
 .text.MemManage_Handler
                0x000000000800104c        0x6 ./Core/Src/stm32f1xx_it.o
                0x000000000800104c                MemManage_Handler
 .text.BusFault_Handler
                0x0000000008001052        0x6 ./Core/Src/stm32f1xx_it.o
                0x0000000008001052                BusFault_Handler
 .text.UsageFault_Handler
                0x0000000008001058        0x6 ./Core/Src/stm32f1xx_it.o
                0x0000000008001058                UsageFault_Handler
 .text.SVC_Handler
                0x000000000800105e        0xc ./Core/Src/stm32f1xx_it.o
                0x000000000800105e                SVC_Handler
 .text.DebugMon_Handler
                0x000000000800106a        0xc ./Core/Src/stm32f1xx_it.o
                0x000000000800106a                DebugMon_Handler
 .text.PendSV_Handler
                0x0000000008001076        0xc ./Core/Src/stm32f1xx_it.o
                0x0000000008001076                PendSV_Handler
 .text.SysTick_Handler
                0x0000000008001082        0xc ./Core/Src/stm32f1xx_it.o
                0x0000000008001082                SysTick_Handler
 *fill*         0x000000000800108e        0x2 
 .text.TIM2_IRQHandler
                0x0000000008001090       0x14 ./Core/Src/stm32f1xx_it.o
                0x0000000008001090                TIM2_IRQHandler
 .text.SystemInit
                0x00000000080010a4        0xc ./Core/Src/system_stm32f1xx.o
                0x00000000080010a4                SystemInit
 .text.set_time_value
                0x00000000080010b0       0x58 ./Core/Src/traffic_light.o
                0x00000000080010b0                set_time_value
 .text.turn_off_traffic_light
                0x0000000008001108       0x60 ./Core/Src/traffic_light.o
                0x0000000008001108                turn_off_traffic_light
 .text.Turn_on_color
                0x0000000008001168       0x66 ./Core/Src/traffic_light.o
                0x0000000008001168                Turn_on_color
 *fill*         0x00000000080011ce        0x2 
 .text.TrafficLight_run
                0x00000000080011d0      0x294 ./Core/Src/traffic_light.o
                0x00000000080011d0                TrafficLight_run
 .text.Reset_Handler
                0x0000000008001464       0x48 ./Core/Startup/startup_stm32f103c6ux.o
                0x0000000008001464                Reset_Handler
 .text.Default_Handler
                0x00000000080014ac        0x2 ./Core/Startup/startup_stm32f103c6ux.o
                0x00000000080014ac                RTC_Alarm_IRQHandler
                0x00000000080014ac                EXTI2_IRQHandler
                0x00000000080014ac                TIM1_CC_IRQHandler
                0x00000000080014ac                PVD_IRQHandler
                0x00000000080014ac                EXTI3_IRQHandler
                0x00000000080014ac                EXTI0_IRQHandler
                0x00000000080014ac                ADC1_2_IRQHandler
                0x00000000080014ac                SPI1_IRQHandler
                0x00000000080014ac                TAMPER_IRQHandler
                0x00000000080014ac                DMA1_Channel4_IRQHandler
                0x00000000080014ac                RTC_IRQHandler
                0x00000000080014ac                DMA1_Channel7_IRQHandler
                0x00000000080014ac                CAN1_RX1_IRQHandler
                0x00000000080014ac                I2C1_EV_IRQHandler
                0x00000000080014ac                DMA1_Channel6_IRQHandler
                0x00000000080014ac                TIM3_IRQHandler
                0x00000000080014ac                RCC_IRQHandler
                0x00000000080014ac                TIM1_TRG_COM_IRQHandler
                0x00000000080014ac                DMA1_Channel1_IRQHandler
                0x00000000080014ac                Default_Handler
                0x00000000080014ac                EXTI15_10_IRQHandler
                0x00000000080014ac                EXTI9_5_IRQHandler
                0x00000000080014ac                DMA1_Channel5_IRQHandler
                0x00000000080014ac                EXTI4_IRQHandler
                0x00000000080014ac                USB_LP_CAN1_RX0_IRQHandler
                0x00000000080014ac                USB_HP_CAN1_TX_IRQHandler
                0x00000000080014ac                DMA1_Channel3_IRQHandler
                0x00000000080014ac                TIM1_UP_IRQHandler
                0x00000000080014ac                WWDG_IRQHandler
                0x00000000080014ac                TIM1_BRK_IRQHandler
                0x00000000080014ac                EXTI1_IRQHandler
                0x00000000080014ac                USART2_IRQHandler
                0x00000000080014ac                DMA1_Channel2_IRQHandler
                0x00000000080014ac                CAN1_SCE_IRQHandler
                0x00000000080014ac                FLASH_IRQHandler
                0x00000000080014ac                USART1_IRQHandler
                0x00000000080014ac                I2C1_ER_IRQHandler
                0x00000000080014ac                USBWakeUp_IRQHandler
 *fill*         0x00000000080014ae        0x2 
 .text.HAL_Init
                0x00000000080014b0       0x2c ./Drivers/STM32F1xx_HAL_Driver/Src/stm32f1xx_hal.o
                0x00000000080014b0                HAL_Init
 .text.HAL_InitTick
                0x00000000080014dc       0x60 ./Drivers/STM32F1xx_HAL_Driver/Src/stm32f1xx_hal.o
                0x00000000080014dc                HAL_InitTick
 .text.HAL_IncTick
                0x000000000800153c       0x24 ./Drivers/STM32F1xx_HAL_Driver/Src/stm32f1xx_hal.o
                0x000000000800153c                HAL_IncTick
 .text.HAL_GetTick
                0x0000000008001560       0x14 ./Drivers/STM32F1xx_HAL_Driver/Src/stm32f1xx_hal.o
                0x0000000008001560                HAL_GetTick
 .text.__NVIC_SetPriorityGrouping
                0x0000000008001574       0x48 ./Drivers/STM32F1xx_HAL_Driver/Src/stm32f1xx_hal_cortex.o
 .text.__NVIC_GetPriorityGrouping
                0x00000000080015bc       0x1c ./Drivers/STM32F1xx_HAL_Driver/Src/stm32f1xx_hal_cortex.o
 .text.__NVIC_EnableIRQ
                0x00000000080015d8       0x38 ./Drivers/STM32F1xx_HAL_Driver/Src/stm32f1xx_hal_cortex.o
 .text.__NVIC_SetPriority
                0x0000000008001610       0x54 ./Drivers/STM32F1xx_HAL_Driver/Src/stm32f1xx_hal_cortex.o
 .text.NVIC_EncodePriority
                0x0000000008001664       0x64 ./Drivers/STM32F1xx_HAL_Driver/Src/stm32f1xx_hal_cortex.o
 .text.SysTick_Config
                0x00000000080016c8       0x44 ./Drivers/STM32F1xx_HAL_Driver/Src/stm32f1xx_hal_cortex.o
 .text.HAL_NVIC_SetPriorityGrouping
                0x000000000800170c       0x16 ./Drivers/STM32F1xx_HAL_Driver/Src/stm32f1xx_hal_cortex.o
                0x000000000800170c                HAL_NVIC_SetPriorityGrouping
 .text.HAL_NVIC_SetPriority
                0x0000000008001722       0x38 ./Drivers/STM32F1xx_HAL_Driver/Src/stm32f1xx_hal_cortex.o
                0x0000000008001722                HAL_NVIC_SetPriority
 .text.HAL_NVIC_EnableIRQ
                0x000000000800175a       0x1c ./Drivers/STM32F1xx_HAL_Driver/Src/stm32f1xx_hal_cortex.o
                0x000000000800175a                HAL_NVIC_EnableIRQ
 .text.HAL_SYSTICK_Config
                0x0000000008001776       0x18 ./Drivers/STM32F1xx_HAL_Driver/Src/stm32f1xx_hal_cortex.o
                0x0000000008001776                HAL_SYSTICK_Config
 *fill*         0x000000000800178e        0x2 
 .text.HAL_GPIO_Init
                0x0000000008001790      0x2f4 ./Drivers/STM32F1xx_HAL_Driver/Src/stm32f1xx_hal_gpio.o
                0x0000000008001790                HAL_GPIO_Init
 .text.HAL_GPIO_ReadPin
                0x0000000008001a84       0x2e ./Drivers/STM32F1xx_HAL_Driver/Src/stm32f1xx_hal_gpio.o
                0x0000000008001a84                HAL_GPIO_ReadPin
 .text.HAL_GPIO_WritePin
                0x0000000008001ab2       0x30 ./Drivers/STM32F1xx_HAL_Driver/Src/stm32f1xx_hal_gpio.o
                0x0000000008001ab2                HAL_GPIO_WritePin
 .text.HAL_GPIO_TogglePin
                0x0000000008001ae2       0x32 ./Drivers/STM32F1xx_HAL_Driver/Src/stm32f1xx_hal_gpio.o
                0x0000000008001ae2                HAL_GPIO_TogglePin
 .text.HAL_RCC_OscConfig
                0x0000000008001b14      0x500 ./Drivers/STM32F1xx_HAL_Driver/Src/stm32f1xx_hal_rcc.o
                0x0000000008001b14                HAL_RCC_OscConfig
 .text.HAL_RCC_ClockConfig
                0x0000000008002014      0x1d4 ./Drivers/STM32F1xx_HAL_Driver/Src/stm32f1xx_hal_rcc.o
                0x0000000008002014                HAL_RCC_ClockConfig
 .text.HAL_RCC_GetSysClockFreq
                0x00000000080021e8       0xa8 ./Drivers/STM32F1xx_HAL_Driver/Src/stm32f1xx_hal_rcc.o
                0x00000000080021e8                HAL_RCC_GetSysClockFreq
 .text.RCC_Delay
                0x0000000008002290       0x3c ./Drivers/STM32F1xx_HAL_Driver/Src/stm32f1xx_hal_rcc.o
 .text.HAL_TIM_Base_Init
                0x00000000080022cc       0x9e ./Drivers/STM32F1xx_HAL_Driver/Src/stm32f1xx_hal_tim.o
                0x00000000080022cc                HAL_TIM_Base_Init
 *fill*         0x000000000800236a        0x2 
 .text.HAL_TIM_Base_Start_IT
                0x000000000800236c       0x98 ./Drivers/STM32F1xx_HAL_Driver/Src/stm32f1xx_hal_tim.o
                0x000000000800236c                HAL_TIM_Base_Start_IT
 .text.HAL_TIM_IRQHandler
                0x0000000008002404      0x1e0 ./Drivers/STM32F1xx_HAL_Driver/Src/stm32f1xx_hal_tim.o
                0x0000000008002404                HAL_TIM_IRQHandler
 .text.HAL_TIM_ConfigClockSource
                0x00000000080025e4      0x18e ./Drivers/STM32F1xx_HAL_Driver/Src/stm32f1xx_hal_tim.o
                0x00000000080025e4                HAL_TIM_ConfigClockSource
 .text.HAL_TIM_OC_DelayElapsedCallback
                0x0000000008002772       0x12 ./Drivers/STM32F1xx_HAL_Driver/Src/stm32f1xx_hal_tim.o
                0x0000000008002772                HAL_TIM_OC_DelayElapsedCallback
 .text.HAL_TIM_IC_CaptureCallback
                0x0000000008002784       0x12 ./Drivers/STM32F1xx_HAL_Driver/Src/stm32f1xx_hal_tim.o
                0x0000000008002784                HAL_TIM_IC_CaptureCallback
 .text.HAL_TIM_PWM_PulseFinishedCallback
                0x0000000008002796       0x12 ./Drivers/STM32F1xx_HAL_Driver/Src/stm32f1xx_hal_tim.o
                0x0000000008002796                HAL_TIM_PWM_PulseFinishedCallback
 .text.HAL_TIM_TriggerCallback
                0x00000000080027a8       0x12 ./Drivers/STM32F1xx_HAL_Driver/Src/stm32f1xx_hal_tim.o
                0x00000000080027a8                HAL_TIM_TriggerCallback
 *fill*         0x00000000080027ba        0x2 
 .text.TIM_Base_SetConfig
                0x00000000080027bc       0xc8 ./Drivers/STM32F1xx_HAL_Driver/Src/stm32f1xx_hal_tim.o
                0x00000000080027bc                TIM_Base_SetConfig
 .text.TIM_TI1_ConfigInputStage
                0x0000000008002884       0x5c ./Drivers/STM32F1xx_HAL_Driver/Src/stm32f1xx_hal_tim.o
 .text.TIM_TI2_ConfigInputStage
                0x00000000080028e0       0x5e ./Drivers/STM32F1xx_HAL_Driver/Src/stm32f1xx_hal_tim.o
 .text.TIM_ITRx_SetConfig
                0x000000000800293e       0x34 ./Drivers/STM32F1xx_HAL_Driver/Src/stm32f1xx_hal_tim.o
 .text.TIM_ETR_SetConfig
                0x0000000008002972       0x3e ./Drivers/STM32F1xx_HAL_Driver/Src/stm32f1xx_hal_tim.o
                0x0000000008002972                TIM_ETR_SetConfig
 .text.HAL_TIMEx_MasterConfigSynchronization
                0x00000000080029b0       0xb0 ./Drivers/STM32F1xx_HAL_Driver/Src/stm32f1xx_hal_tim_ex.o
                0x00000000080029b0                HAL_TIMEx_MasterConfigSynchronization
 .text.HAL_TIMEx_CommutCallback
                0x0000000008002a60       0x12 ./Drivers/STM32F1xx_HAL_Driver/Src/stm32f1xx_hal_tim_ex.o
                0x0000000008002a60                HAL_TIMEx_CommutCallback
 .text.HAL_TIMEx_BreakCallback
                0x0000000008002a72       0x12 ./Drivers/STM32F1xx_HAL_Driver/Src/stm32f1xx_hal_tim_ex.o
                0x0000000008002a72                HAL_TIMEx_BreakCallback
 .text.__libc_init_array
                0x0000000008002a84       0x48 d:/study/phanmem/stm32cubeide_1.7.0/stm32cubeide/plugins/com.st.stm32cube.ide.mcu.externaltools.gnu-tools-for-stm32.9-2020-q2-update.win32_2.0.0.202105311346/tools/bin/../lib/gcc/arm-none-eabi/9.3.1/../../../../arm-none-eabi/lib/thumb/v7-m/nofp\libc_nano.a(lib_a-init.o)
                0x0000000008002a84                __libc_init_array
 .text.memset   0x0000000008002acc       0x10 d:/study/phanmem/stm32cubeide_1.7.0/stm32cubeide/plugins/com.st.stm32cube.ide.mcu.externaltools.gnu-tools-for-stm32.9-2020-q2-update.win32_2.0.0.202105311346/tools/bin/../lib/gcc/arm-none-eabi/9.3.1/../../../../arm-none-eabi/lib/thumb/v7-m/nofp\libc_nano.a(lib_a-memset.o)
                0x0000000008002acc                memset
 *(.glue_7)
 .glue_7        0x0000000008002adc        0x0 linker stubs
 *(.glue_7t)
 .glue_7t       0x0000000008002adc        0x0 linker stubs
 *(.eh_frame)
 .eh_frame      0x0000000008002adc        0x0 d:/study/phanmem/stm32cubeide_1.7.0/stm32cubeide/plugins/com.st.stm32cube.ide.mcu.externaltools.gnu-tools-for-stm32.9-2020-q2-update.win32_2.0.0.202105311346/tools/bin/../lib/gcc/arm-none-eabi/9.3.1/thumb/v7-m/nofp/crtbegin.o
 *(.init)
 .init          0x0000000008002adc        0x4 d:/study/phanmem/stm32cubeide_1.7.0/stm32cubeide/plugins/com.st.stm32cube.ide.mcu.externaltools.gnu-tools-for-stm32.9-2020-q2-update.win32_2.0.0.202105311346/tools/bin/../lib/gcc/arm-none-eabi/9.3.1/thumb/v7-m/nofp/crti.o
                0x0000000008002adc                _init
 .init          0x0000000008002ae0        0x8 d:/study/phanmem/stm32cubeide_1.7.0/stm32cubeide/plugins/com.st.stm32cube.ide.mcu.externaltools.gnu-tools-for-stm32.9-2020-q2-update.win32_2.0.0.202105311346/tools/bin/../lib/gcc/arm-none-eabi/9.3.1/thumb/v7-m/nofp/crtn.o
 *(.fini)
 .fini          0x0000000008002ae8        0x4 d:/study/phanmem/stm32cubeide_1.7.0/stm32cubeide/plugins/com.st.stm32cube.ide.mcu.externaltools.gnu-tools-for-stm32.9-2020-q2-update.win32_2.0.0.202105311346/tools/bin/../lib/gcc/arm-none-eabi/9.3.1/thumb/v7-m/nofp/crti.o
                0x0000000008002ae8                _fini
 .fini          0x0000000008002aec        0x8 d:/study/phanmem/stm32cubeide_1.7.0/stm32cubeide/plugins/com.st.stm32cube.ide.mcu.externaltools.gnu-tools-for-stm32.9-2020-q2-update.win32_2.0.0.202105311346/tools/bin/../lib/gcc/arm-none-eabi/9.3.1/thumb/v7-m/nofp/crtn.o
                0x0000000008002af4                . = ALIGN (0x4)
                0x0000000008002af4                _etext = .

.vfp11_veneer   0x0000000008002af4        0x0
 .vfp11_veneer  0x0000000008002af4        0x0 linker stubs

.v4_bx          0x0000000008002af4        0x0
 .v4_bx         0x0000000008002af4        0x0 linker stubs

.iplt           0x0000000008002af4        0x0
 .iplt          0x0000000008002af4        0x0 d:/study/phanmem/stm32cubeide_1.7.0/stm32cubeide/plugins/com.st.stm32cube.ide.mcu.externaltools.gnu-tools-for-stm32.9-2020-q2-update.win32_2.0.0.202105311346/tools/bin/../lib/gcc/arm-none-eabi/9.3.1/thumb/v7-m/nofp/crtbegin.o

.rodata         0x0000000008002af4       0x24
                0x0000000008002af4                . = ALIGN (0x4)
 *(.rodata)
 *(.rodata*)
 .rodata.AHBPrescTable
                0x0000000008002af4       0x10 ./Core/Src/system_stm32f1xx.o
                0x0000000008002af4                AHBPrescTable
 .rodata.aPLLMULFactorTable.6032
                0x0000000008002b04       0x10 ./Drivers/STM32F1xx_HAL_Driver/Src/stm32f1xx_hal_rcc.o
 .rodata.aPredivFactorTable.6033
                0x0000000008002b14        0x2 ./Drivers/STM32F1xx_HAL_Driver/Src/stm32f1xx_hal_rcc.o
                0x0000000008002b18                . = ALIGN (0x4)
 *fill*         0x0000000008002b16        0x2 

.rel.dyn        0x0000000008002b18        0x0
 .rel.iplt      0x0000000008002b18        0x0 d:/study/phanmem/stm32cubeide_1.7.0/stm32cubeide/plugins/com.st.stm32cube.ide.mcu.externaltools.gnu-tools-for-stm32.9-2020-q2-update.win32_2.0.0.202105311346/tools/bin/../lib/gcc/arm-none-eabi/9.3.1/thumb/v7-m/nofp/crtbegin.o

.ARM.extab      0x0000000008002b18        0x0
                0x0000000008002b18                . = ALIGN (0x4)
 *(.ARM.extab* .gnu.linkonce.armextab.*)
                0x0000000008002b18                . = ALIGN (0x4)

.ARM            0x0000000008002b18        0x0
                0x0000000008002b18                . = ALIGN (0x4)
                0x0000000008002b18                __exidx_start = .
 *(.ARM.exidx*)
                0x0000000008002b18                __exidx_end = .
                0x0000000008002b18                . = ALIGN (0x4)

.preinit_array  0x0000000008002b18        0x0
                0x0000000008002b18                . = ALIGN (0x4)
                0x0000000008002b18                PROVIDE (__preinit_array_start = .)
 *(.preinit_array*)
                0x0000000008002b18                PROVIDE (__preinit_array_end = .)
                0x0000000008002b18                . = ALIGN (0x4)

.init_array     0x0000000008002b18        0x4
                0x0000000008002b18                . = ALIGN (0x4)
                0x0000000008002b18                PROVIDE (__init_array_start = .)
 *(SORT_BY_NAME(.init_array.*))
 *(.init_array*)
 .init_array    0x0000000008002b18        0x4 d:/study/phanmem/stm32cubeide_1.7.0/stm32cubeide/plugins/com.st.stm32cube.ide.mcu.externaltools.gnu-tools-for-stm32.9-2020-q2-update.win32_2.0.0.202105311346/tools/bin/../lib/gcc/arm-none-eabi/9.3.1/thumb/v7-m/nofp/crtbegin.o
                0x0000000008002b1c                PROVIDE (__init_array_end = .)
                0x0000000008002b1c                . = ALIGN (0x4)

.fini_array     0x0000000008002b1c        0x4
                0x0000000008002b1c                . = ALIGN (0x4)
                [!provide]                        PROVIDE (__fini_array_start = .)
 *(SORT_BY_NAME(.fini_array.*))
 *(.fini_array*)
 .fini_array    0x0000000008002b1c        0x4 d:/study/phanmem/stm32cubeide_1.7.0/stm32cubeide/plugins/com.st.stm32cube.ide.mcu.externaltools.gnu-tools-for-stm32.9-2020-q2-update.win32_2.0.0.202105311346/tools/bin/../lib/gcc/arm-none-eabi/9.3.1/thumb/v7-m/nofp/crtbegin.o
                [!provide]                        PROVIDE (__fini_array_end = .)
                0x0000000008002b20                . = ALIGN (0x4)
                0x0000000008002b20                _sidata = LOADADDR (.data)

.data           0x0000000020000000       0xbc load address 0x0000000008002b20
                0x0000000020000000                . = ALIGN (0x4)
                0x0000000020000000                _sdata = .
 *(.data)
 *(.data*)
 .data.LED_4bit
                0x0000000020000000        0xb ./Core/Src/LED7Seg_Display.o
                0x0000000020000000                LED_4bit
 *fill*         0x000000002000000b        0x1 
 .data.time_of_each_7Seg
                0x000000002000000c        0x2 ./Core/Src/Quet_LED7Seg.o
                0x000000002000000c                time_of_each_7Seg
 *fill*         0x000000002000000e        0x2 
 .data.output_7Seg
                0x0000000020000010       0x38 ./Core/Src/global.o
                0x0000000020000010                output_7Seg
 .data.Enable_7Seg
                0x0000000020000048       0x20 ./Core/Src/global.o
                0x0000000020000048                Enable_7Seg
 .data.index_EN
                0x0000000020000068        0x1 ./Core/Src/global.o
                0x0000000020000068                index_EN
 *fill*         0x0000000020000069        0x3 
 .data.time_of_color
                0x000000002000006c        0x6 ./Core/Src/global.o
                0x000000002000006c                time_of_color
 *fill*         0x0000000020000072        0x2 
 .data.default_time_of_color
                0x0000000020000074        0x6 ./Core/Src/global.o
                0x0000000020000074                default_time_of_color
 *fill*         0x000000002000007a        0x2 
 .data.Traffic_Light1
                0x000000002000007c       0x18 ./Core/Src/global.o
                0x000000002000007c                Traffic_Light1
 .data.Traffic_Light2
                0x0000000020000094       0x18 ./Core/Src/global.o
                0x0000000020000094                Traffic_Light2
 .data.status_mode
                0x00000000200000ac        0x1 ./Core/Src/global.o
                0x00000000200000ac                status_mode
 *fill*         0x00000000200000ad        0x3 
 .data.SystemCoreClock
                0x00000000200000b0        0x4 ./Core/Src/system_stm32f1xx.o
                0x00000000200000b0                SystemCoreClock
 .data.uwTickPrio
                0x00000000200000b4        0x4 ./Drivers/STM32F1xx_HAL_Driver/Src/stm32f1xx_hal.o
                0x00000000200000b4                uwTickPrio
 .data.uwTickFreq
                0x00000000200000b8        0x1 ./Drivers/STM32F1xx_HAL_Driver/Src/stm32f1xx_hal.o
                0x00000000200000b8                uwTickFreq
 *(.RamFunc)
 *(.RamFunc*)
                0x00000000200000bc                . = ALIGN (0x4)
 *fill*         0x00000000200000b9        0x3 
                0x00000000200000bc                _edata = .

.igot.plt       0x00000000200000bc        0x0 load address 0x0000000008002bdc
 .igot.plt      0x00000000200000bc        0x0 d:/study/phanmem/stm32cubeide_1.7.0/stm32cubeide/plugins/com.st.stm32cube.ide.mcu.externaltools.gnu-tools-for-stm32.9-2020-q2-update.win32_2.0.0.202105311346/tools/bin/../lib/gcc/arm-none-eabi/9.3.1/thumb/v7-m/nofp/crtbegin.o
                0x00000000200000bc                . = ALIGN (0x4)

.bss            0x00000000200000bc      0x124 load address 0x0000000008002bdc
                0x00000000200000bc                _sbss = .
                0x00000000200000bc                __bss_start__ = _sbss
 *(.bss)
 .bss           0x00000000200000bc       0x1c d:/study/phanmem/stm32cubeide_1.7.0/stm32cubeide/plugins/com.st.stm32cube.ide.mcu.externaltools.gnu-tools-for-stm32.9-2020-q2-update.win32_2.0.0.202105311346/tools/bin/../lib/gcc/arm-none-eabi/9.3.1/thumb/v7-m/nofp/crtbegin.o
 *(.bss*)
 .bss.current_value
                0x00000000200000d8        0x2 ./Core/Src/FMS_mode.o
                0x00000000200000d8                current_value
 *fill*         0x00000000200000da        0x2 
 .bss.button_long_pressed
                0x00000000200000dc        0x6 ./Core/Src/button.o
                0x00000000200000dc                button_long_pressed
 *fill*         0x00000000200000e2        0x2 
 .bss.button_flag
                0x00000000200000e4        0x6 ./Core/Src/button.o
                0x00000000200000e4                button_flag
 .bss.status_traffic_light
                0x00000000200000ea        0x1 ./Core/Src/global.o
                0x00000000200000ea                status_traffic_light
 *fill*         0x00000000200000eb        0x1 
 .bss.count_road1
                0x00000000200000ec        0x2 ./Core/Src/traffic_light.o
                0x00000000200000ec                count_road1
 .bss.count_road2
                0x00000000200000ee        0x2 ./Core/Src/traffic_light.o
                0x00000000200000ee                count_road2
 *(COMMON)
 COMMON         0x00000000200000f0       0x46 ./Core/Src/LED7Seg_Display.o
                0x00000000200000f0                D
                0x00000000200000f4                Led_7Seg_Array
                0x000000002000012c                b
                0x000000002000012d                f
                0x000000002000012e                A
                0x000000002000012f                g
                0x0000000020000130                B
                0x0000000020000131                C
                0x0000000020000132                c
                0x0000000020000133                d
                0x0000000020000134                a
                0x0000000020000135                e
 *fill*         0x0000000020000136        0x2 
 COMMON         0x0000000020000138       0x20 ./Core/Src/button.o
                0x0000000020000138                TimeOutForKeyPress
                0x0000000020000140                KeyReg
 COMMON         0x0000000020000158        0x8 ./Core/Src/global.o
                0x0000000020000158                buffer_7Seg
 COMMON         0x0000000020000160       0x48 ./Core/Src/main.o
                0x0000000020000160                htim2
 COMMON         0x00000000200001a8       0x34 ./Core/Src/software_timer.o
                0x00000000200001a8                flag_timer
                0x00000000200001b4                timer_counter
 COMMON         0x00000000200001dc        0x4 ./Drivers/STM32F1xx_HAL_Driver/Src/stm32f1xx_hal.o
                0x00000000200001dc                uwTick
                0x00000000200001e0                . = ALIGN (0x4)
                0x00000000200001e0                _ebss = .
                0x00000000200001e0                __bss_end__ = _ebss

._user_heap_stack
                0x00000000200001e0      0x600 load address 0x0000000008002bdc
                0x00000000200001e0                . = ALIGN (0x8)
                [!provide]                        PROVIDE (end = .)
                0x00000000200001e0                PROVIDE (_end = .)
                0x00000000200003e0                . = (. + _Min_Heap_Size)
 *fill*         0x00000000200001e0      0x200 
                0x00000000200007e0                . = (. + _Min_Stack_Size)
 *fill*         0x00000000200003e0      0x400 
                0x00000000200007e0                . = ALIGN (0x8)

/DISCARD/
 libc.a(*)
 libm.a(*)
 libgcc.a(*)

.ARM.attributes
                0x0000000000000000       0x29
 *(.ARM.attributes)
 .ARM.attributes
                0x0000000000000000       0x1d d:/study/phanmem/stm32cubeide_1.7.0/stm32cubeide/plugins/com.st.stm32cube.ide.mcu.externaltools.gnu-tools-for-stm32.9-2020-q2-update.win32_2.0.0.202105311346/tools/bin/../lib/gcc/arm-none-eabi/9.3.1/thumb/v7-m/nofp/crti.o
 .ARM.attributes
                0x000000000000001d       0x2d d:/study/phanmem/stm32cubeide_1.7.0/stm32cubeide/plugins/com.st.stm32cube.ide.mcu.externaltools.gnu-tools-for-stm32.9-2020-q2-update.win32_2.0.0.202105311346/tools/bin/../lib/gcc/arm-none-eabi/9.3.1/thumb/v7-m/nofp/crtbegin.o
 .ARM.attributes
                0x000000000000004a       0x2d ./Core/Src/FMS_mode.o
 .ARM.attributes
                0x0000000000000077       0x2d ./Core/Src/LED7Seg_Display.o
 .ARM.attributes
                0x00000000000000a4       0x2d ./Core/Src/Quet_LED7Seg.o
 .ARM.attributes
                0x00000000000000d1       0x2d ./Core/Src/button.o
 .ARM.attributes
                0x00000000000000fe       0x2d ./Core/Src/global.o
 .ARM.attributes
                0x000000000000012b       0x2d ./Core/Src/main.o
 .ARM.attributes
                0x0000000000000158       0x2d ./Core/Src/software_timer.o
 .ARM.attributes
                0x0000000000000185       0x2d ./Core/Src/stm32f1xx_hal_msp.o
 .ARM.attributes
                0x00000000000001b2       0x2d ./Core/Src/stm32f1xx_it.o
 .ARM.attributes
                0x00000000000001df       0x2d ./Core/Src/system_stm32f1xx.o
 .ARM.attributes
                0x000000000000020c       0x2d ./Core/Src/traffic_light.o
 .ARM.attributes
                0x0000000000000239       0x21 ./Core/Startup/startup_stm32f103c6ux.o
 .ARM.attributes
                0x000000000000025a       0x2d ./Drivers/STM32F1xx_HAL_Driver/Src/stm32f1xx_hal.o
 .ARM.attributes
                0x0000000000000287       0x2d ./Drivers/STM32F1xx_HAL_Driver/Src/stm32f1xx_hal_cortex.o
 .ARM.attributes
                0x00000000000002b4       0x2d ./Drivers/STM32F1xx_HAL_Driver/Src/stm32f1xx_hal_gpio.o
 .ARM.attributes
                0x00000000000002e1       0x2d ./Drivers/STM32F1xx_HAL_Driver/Src/stm32f1xx_hal_rcc.o
 .ARM.attributes
                0x000000000000030e       0x2d ./Drivers/STM32F1xx_HAL_Driver/Src/stm32f1xx_hal_tim.o
 .ARM.attributes
                0x000000000000033b       0x2d ./Drivers/STM32F1xx_HAL_Driver/Src/stm32f1xx_hal_tim_ex.o
 .ARM.attributes
                0x0000000000000368       0x2d d:/study/phanmem/stm32cubeide_1.7.0/stm32cubeide/plugins/com.st.stm32cube.ide.mcu.externaltools.gnu-tools-for-stm32.9-2020-q2-update.win32_2.0.0.202105311346/tools/bin/../lib/gcc/arm-none-eabi/9.3.1/../../../../arm-none-eabi/lib/thumb/v7-m/nofp\libc_nano.a(lib_a-init.o)
 .ARM.attributes
                0x0000000000000395       0x2d d:/study/phanmem/stm32cubeide_1.7.0/stm32cubeide/plugins/com.st.stm32cube.ide.mcu.externaltools.gnu-tools-for-stm32.9-2020-q2-update.win32_2.0.0.202105311346/tools/bin/../lib/gcc/arm-none-eabi/9.3.1/../../../../arm-none-eabi/lib/thumb/v7-m/nofp\libc_nano.a(lib_a-memset.o)
 .ARM.attributes
                0x00000000000003c2       0x1d d:/study/phanmem/stm32cubeide_1.7.0/stm32cubeide/plugins/com.st.stm32cube.ide.mcu.externaltools.gnu-tools-for-stm32.9-2020-q2-update.win32_2.0.0.202105311346/tools/bin/../lib/gcc/arm-none-eabi/9.3.1/thumb/v7-m/nofp/crtn.o
OUTPUT(VXL_Lab3.elf elf32-littlearm)
LOAD linker stubs
LOAD d:/study/phanmem/stm32cubeide_1.7.0/stm32cubeide/plugins/com.st.stm32cube.ide.mcu.externaltools.gnu-tools-for-stm32.9-2020-q2-update.win32_2.0.0.202105311346/tools/bin/../lib/gcc/arm-none-eabi/9.3.1/../../../../arm-none-eabi/lib/thumb/v7-m/nofp\libc.a
LOAD d:/study/phanmem/stm32cubeide_1.7.0/stm32cubeide/plugins/com.st.stm32cube.ide.mcu.externaltools.gnu-tools-for-stm32.9-2020-q2-update.win32_2.0.0.202105311346/tools/bin/../lib/gcc/arm-none-eabi/9.3.1/../../../../arm-none-eabi/lib/thumb/v7-m/nofp\libm.a
LOAD d:/study/phanmem/stm32cubeide_1.7.0/stm32cubeide/plugins/com.st.stm32cube.ide.mcu.externaltools.gnu-tools-for-stm32.9-2020-q2-update.win32_2.0.0.202105311346/tools/bin/../lib/gcc/arm-none-eabi/9.3.1/thumb/v7-m/nofp\libgcc.a

.debug_info     0x0000000000000000     0xef85
 .debug_info    0x0000000000000000     0x11cc ./Core/Src/FMS_mode.o
 .debug_info    0x00000000000011cc      0xc83 ./Core/Src/LED7Seg_Display.o
 .debug_info    0x0000000000001e4f     0x11f6 ./Core/Src/Quet_LED7Seg.o
 .debug_info    0x0000000000003045      0x3af ./Core/Src/button.o
 .debug_info    0x00000000000033f4     0x126d ./Core/Src/global.o
 .debug_info    0x0000000000004661     0x1564 ./Core/Src/main.o
 .debug_info    0x0000000000005bc5      0x834 ./Core/Src/software_timer.o
 .debug_info    0x00000000000063f9      0xa09 ./Core/Src/stm32f1xx_hal_msp.o
 .debug_info    0x0000000000006e02      0x7b9 ./Core/Src/stm32f1xx_it.o
 .debug_info    0x00000000000075bb      0x2be ./Core/Src/system_stm32f1xx.o
 .debug_info    0x0000000000007879     0x129b ./Core/Src/traffic_light.o
 .debug_info    0x0000000000008b14       0x22 ./Core/Startup/startup_stm32f103c6ux.o
 .debug_info    0x0000000000008b36      0x74c ./Drivers/STM32F1xx_HAL_Driver/Src/stm32f1xx_hal.o
 .debug_info    0x0000000000009282      0xbbe ./Drivers/STM32F1xx_HAL_Driver/Src/stm32f1xx_hal_cortex.o
 .debug_info    0x0000000000009e40      0x701 ./Drivers/STM32F1xx_HAL_Driver/Src/stm32f1xx_hal_gpio.o
 .debug_info    0x000000000000a541      0x893 ./Drivers/STM32F1xx_HAL_Driver/Src/stm32f1xx_hal_rcc.o
 .debug_info    0x000000000000add4     0x2c32 ./Drivers/STM32F1xx_HAL_Driver/Src/stm32f1xx_hal_tim.o
 .debug_info    0x000000000000da06     0x157f ./Drivers/STM32F1xx_HAL_Driver/Src/stm32f1xx_hal_tim_ex.o

.debug_abbrev   0x0000000000000000     0x23e6
 .debug_abbrev  0x0000000000000000      0x1ea ./Core/Src/FMS_mode.o
 .debug_abbrev  0x00000000000001ea      0x257 ./Core/Src/LED7Seg_Display.o
 .debug_abbrev  0x0000000000000441      0x21c ./Core/Src/Quet_LED7Seg.o
 .debug_abbrev  0x000000000000065d      0x1ad ./Core/Src/button.o
 .debug_abbrev  0x000000000000080a      0x220 ./Core/Src/global.o
 .debug_abbrev  0x0000000000000a2a      0x283 ./Core/Src/main.o
 .debug_abbrev  0x0000000000000cad      0x217 ./Core/Src/software_timer.o
 .debug_abbrev  0x0000000000000ec4      0x1b7 ./Core/Src/stm32f1xx_hal_msp.o
 .debug_abbrev  0x000000000000107b      0x176 ./Core/Src/stm32f1xx_it.o
 .debug_abbrev  0x00000000000011f1      0x14e ./Core/Src/system_stm32f1xx.o
 .debug_abbrev  0x000000000000133f      0x276 ./Core/Src/traffic_light.o
 .debug_abbrev  0x00000000000015b5       0x12 ./Core/Startup/startup_stm32f103c6ux.o
 .debug_abbrev  0x00000000000015c7      0x1ed ./Drivers/STM32F1xx_HAL_Driver/Src/stm32f1xx_hal.o
 .debug_abbrev  0x00000000000017b4      0x313 ./Drivers/STM32F1xx_HAL_Driver/Src/stm32f1xx_hal_cortex.o
 .debug_abbrev  0x0000000000001ac7      0x1e8 ./Drivers/STM32F1xx_HAL_Driver/Src/stm32f1xx_hal_gpio.o
 .debug_abbrev  0x0000000000001caf      0x273 ./Drivers/STM32F1xx_HAL_Driver/Src/stm32f1xx_hal_rcc.o
 .debug_abbrev  0x0000000000001f22      0x25e ./Drivers/STM32F1xx_HAL_Driver/Src/stm32f1xx_hal_tim.o
 .debug_abbrev  0x0000000000002180      0x266 ./Drivers/STM32F1xx_HAL_Driver/Src/stm32f1xx_hal_tim_ex.o

.debug_aranges  0x0000000000000000      0xa78
 .debug_aranges
                0x0000000000000000       0x20 ./Core/Src/FMS_mode.o
 .debug_aranges
                0x0000000000000020       0x30 ./Core/Src/LED7Seg_Display.o
 .debug_aranges
                0x0000000000000050       0x28 ./Core/Src/Quet_LED7Seg.o
 .debug_aranges
                0x0000000000000078       0x40 ./Core/Src/button.o
 .debug_aranges
                0x00000000000000b8       0x20 ./Core/Src/global.o
 .debug_aranges
                0x00000000000000d8       0x40 ./Core/Src/main.o
 .debug_aranges
                0x0000000000000118       0x40 ./Core/Src/software_timer.o
 .debug_aranges
                0x0000000000000158       0x30 ./Core/Src/stm32f1xx_hal_msp.o
 .debug_aranges
                0x0000000000000188       0x68 ./Core/Src/stm32f1xx_it.o
 .debug_aranges
                0x00000000000001f0       0x28 ./Core/Src/system_stm32f1xx.o
 .debug_aranges
                0x0000000000000218       0x38 ./Core/Src/traffic_light.o
 .debug_aranges
                0x0000000000000250       0x28 ./Core/Startup/startup_stm32f103c6ux.o
 .debug_aranges
                0x0000000000000278       0xe0 ./Drivers/STM32F1xx_HAL_Driver/Src/stm32f1xx_hal.o
 .debug_aranges
                0x0000000000000358      0x100 ./Drivers/STM32F1xx_HAL_Driver/Src/stm32f1xx_hal_cortex.o
 .debug_aranges
                0x0000000000000458       0x58 ./Drivers/STM32F1xx_HAL_Driver/Src/stm32f1xx_hal_gpio.o
 .debug_aranges
                0x00000000000004b0       0x90 ./Drivers/STM32F1xx_HAL_Driver/Src/stm32f1xx_hal_rcc.o
 .debug_aranges
                0x0000000000000540      0x3d0 ./Drivers/STM32F1xx_HAL_Driver/Src/stm32f1xx_hal_tim.o
 .debug_aranges
                0x0000000000000910      0x168 ./Drivers/STM32F1xx_HAL_Driver/Src/stm32f1xx_hal_tim_ex.o

.debug_ranges   0x0000000000000000      0x960
 .debug_ranges  0x0000000000000000       0x10 ./Core/Src/FMS_mode.o
 .debug_ranges  0x0000000000000010       0x20 ./Core/Src/LED7Seg_Display.o
 .debug_ranges  0x0000000000000030       0x18 ./Core/Src/Quet_LED7Seg.o
 .debug_ranges  0x0000000000000048       0x30 ./Core/Src/button.o
 .debug_ranges  0x0000000000000078       0x10 ./Core/Src/global.o
 .debug_ranges  0x0000000000000088       0x30 ./Core/Src/main.o
 .debug_ranges  0x00000000000000b8       0x30 ./Core/Src/software_timer.o
 .debug_ranges  0x00000000000000e8       0x20 ./Core/Src/stm32f1xx_hal_msp.o
 .debug_ranges  0x0000000000000108       0x58 ./Core/Src/stm32f1xx_it.o
 .debug_ranges  0x0000000000000160       0x18 ./Core/Src/system_stm32f1xx.o
 .debug_ranges  0x0000000000000178       0x28 ./Core/Src/traffic_light.o
 .debug_ranges  0x00000000000001a0       0x20 ./Core/Startup/startup_stm32f103c6ux.o
 .debug_ranges  0x00000000000001c0       0xd0 ./Drivers/STM32F1xx_HAL_Driver/Src/stm32f1xx_hal.o
 .debug_ranges  0x0000000000000290       0xf0 ./Drivers/STM32F1xx_HAL_Driver/Src/stm32f1xx_hal_cortex.o
 .debug_ranges  0x0000000000000380       0x48 ./Drivers/STM32F1xx_HAL_Driver/Src/stm32f1xx_hal_gpio.o
 .debug_ranges  0x00000000000003c8       0x80 ./Drivers/STM32F1xx_HAL_Driver/Src/stm32f1xx_hal_rcc.o
 .debug_ranges  0x0000000000000448      0x3c0 ./Drivers/STM32F1xx_HAL_Driver/Src/stm32f1xx_hal_tim.o
 .debug_ranges  0x0000000000000808      0x158 ./Drivers/STM32F1xx_HAL_Driver/Src/stm32f1xx_hal_tim_ex.o

.debug_macro    0x0000000000000000    0x18539
 .debug_macro   0x0000000000000000      0x387 ./Core/Src/FMS_mode.o
 .debug_macro   0x0000000000000387      0xa9c ./Core/Src/FMS_mode.o
 .debug_macro   0x0000000000000e23       0x22 ./Core/Src/FMS_mode.o
 .debug_macro   0x0000000000000e45       0x8e ./Core/Src/FMS_mode.o
 .debug_macro   0x0000000000000ed3       0x51 ./Core/Src/FMS_mode.o
 .debug_macro   0x0000000000000f24      0x103 ./Core/Src/FMS_mode.o
 .debug_macro   0x0000000000001027       0x6a ./Core/Src/FMS_mode.o
 .debug_macro   0x0000000000001091      0x1df ./Core/Src/FMS_mode.o
 .debug_macro   0x0000000000001270      0x215 ./Core/Src/FMS_mode.o
 .debug_macro   0x0000000000001485       0x2e ./Core/Src/FMS_mode.o
 .debug_macro   0x00000000000014b3       0x22 ./Core/Src/FMS_mode.o
 .debug_macro   0x00000000000014d5       0x1c ./Core/Src/FMS_mode.o
 .debug_macro   0x00000000000014f1       0x22 ./Core/Src/FMS_mode.o
 .debug_macro   0x0000000000001513       0xc3 ./Core/Src/FMS_mode.o
 .debug_macro   0x00000000000015d6      0xd23 ./Core/Src/FMS_mode.o
 .debug_macro   0x00000000000022f9     0xde75 ./Core/Src/FMS_mode.o
 .debug_macro   0x000000000001016e       0x6d ./Core/Src/FMS_mode.o
 .debug_macro   0x00000000000101db     0x34a2 ./Core/Src/FMS_mode.o
 .debug_macro   0x000000000001367d      0x174 ./Core/Src/FMS_mode.o
 .debug_macro   0x00000000000137f1       0x5c ./Core/Src/FMS_mode.o
 .debug_macro   0x000000000001384d      0x5bc ./Core/Src/FMS_mode.o
 .debug_macro   0x0000000000013e09      0x1b7 ./Core/Src/FMS_mode.o
 .debug_macro   0x0000000000013fc0      0x1cb ./Core/Src/FMS_mode.o
 .debug_macro   0x000000000001418b      0x114 ./Core/Src/FMS_mode.o
 .debug_macro   0x000000000001429f      0x1b2 ./Core/Src/FMS_mode.o
 .debug_macro   0x0000000000014451       0x27 ./Core/Src/FMS_mode.o
 .debug_macro   0x0000000000014478      0x12f ./Core/Src/FMS_mode.o
 .debug_macro   0x00000000000145a7      0x1bc ./Core/Src/FMS_mode.o
 .debug_macro   0x0000000000014763       0x34 ./Core/Src/FMS_mode.o
 .debug_macro   0x0000000000014797       0x3c ./Core/Src/FMS_mode.o
 .debug_macro   0x00000000000147d3       0x57 ./Core/Src/FMS_mode.o
 .debug_macro   0x000000000001482a       0x87 ./Core/Src/FMS_mode.o
 .debug_macro   0x00000000000148b1      0x183 ./Core/Src/FMS_mode.o
 .debug_macro   0x0000000000014a34      0x140 ./Core/Src/FMS_mode.o
 .debug_macro   0x0000000000014b74      0x8ed ./Core/Src/FMS_mode.o
 .debug_macro   0x0000000000015461       0x69 ./Core/Src/FMS_mode.o
 .debug_macro   0x00000000000154ca      0x10c ./Core/Src/FMS_mode.o
 .debug_macro   0x00000000000155d6       0x22 ./Core/Src/FMS_mode.o
 .debug_macro   0x00000000000155f8       0x16 ./Core/Src/FMS_mode.o
 .debug_macro   0x000000000001560e       0x22 ./Core/Src/FMS_mode.o
 .debug_macro   0x0000000000015630       0x52 ./Core/Src/FMS_mode.o
 .debug_macro   0x0000000000015682       0x18 ./Core/Src/FMS_mode.o
 .debug_macro   0x000000000001569a       0x3c ./Core/Src/FMS_mode.o
 .debug_macro   0x00000000000156d6       0x34 ./Core/Src/FMS_mode.o
 .debug_macro   0x000000000001570a       0x16 ./Core/Src/FMS_mode.o
 .debug_macro   0x0000000000015720       0x35 ./Core/Src/FMS_mode.o
 .debug_macro   0x0000000000015755      0x333 ./Core/Src/FMS_mode.o
 .debug_macro   0x0000000000015a88       0x10 ./Core/Src/FMS_mode.o
 .debug_macro   0x0000000000015a98       0x16 ./Core/Src/FMS_mode.o
 .debug_macro   0x0000000000015aae       0x43 ./Core/Src/FMS_mode.o
 .debug_macro   0x0000000000015af1       0x34 ./Core/Src/FMS_mode.o
 .debug_macro   0x0000000000015b25       0x10 ./Core/Src/FMS_mode.o
 .debug_macro   0x0000000000015b35       0x58 ./Core/Src/FMS_mode.o
 .debug_macro   0x0000000000015b8d       0x71 ./Core/Src/FMS_mode.o
 .debug_macro   0x0000000000015bfe       0x1c ./Core/Src/FMS_mode.o
 .debug_macro   0x0000000000015c1a      0x12a ./Core/Src/FMS_mode.o
 .debug_macro   0x0000000000015d44       0x10 ./Core/Src/FMS_mode.o
 .debug_macro   0x0000000000015d54       0x1c ./Core/Src/FMS_mode.o
 .debug_macro   0x0000000000015d70       0x52 ./Core/Src/FMS_mode.o
 .debug_macro   0x0000000000015dc2       0x22 ./Core/Src/FMS_mode.o
 .debug_macro   0x0000000000015de4       0x10 ./Core/Src/FMS_mode.o
 .debug_macro   0x0000000000015df4       0x40 ./Core/Src/FMS_mode.o
 .debug_macro   0x0000000000015e34       0xd5 ./Core/Src/FMS_mode.o
 .debug_macro   0x0000000000015f09       0x1c ./Core/Src/FMS_mode.o
 .debug_macro   0x0000000000015f25       0x3d ./Core/Src/FMS_mode.o
 .debug_macro   0x0000000000015f62       0x16 ./Core/Src/FMS_mode.o
 .debug_macro   0x0000000000015f78      0x145 ./Core/Src/FMS_mode.o
 .debug_macro   0x00000000000160bd       0x16 ./Core/Src/FMS_mode.o
 .debug_macro   0x00000000000160d3       0x20 ./Core/Src/FMS_mode.o
 .debug_macro   0x00000000000160f3       0x5e ./Core/Src/FMS_mode.o
 .debug_macro   0x0000000000016151      0x348 ./Core/Src/LED7Seg_Display.o
 .debug_macro   0x0000000000016499      0x373 ./Core/Src/Quet_LED7Seg.o
 .debug_macro   0x000000000001680c      0x1b5 ./Core/Src/button.o
 .debug_macro   0x00000000000169c1       0x1c ./Core/Src/button.o
 .debug_macro   0x00000000000169dd      0x369 ./Core/Src/global.o
 .debug_macro   0x0000000000016d46      0x38f ./Core/Src/main.o
 .debug_macro   0x00000000000170d5      0x1be ./Core/Src/software_timer.o
 .debug_macro   0x0000000000017293       0x10 ./Core/Src/software_timer.o
 .debug_macro   0x00000000000172a3      0x1a6 ./Core/Src/stm32f1xx_hal_msp.o
 .debug_macro   0x0000000000017449      0x1b0 ./Core/Src/stm32f1xx_it.o
 .debug_macro   0x00000000000175f9      0x197 ./Core/Src/system_stm32f1xx.o
 .debug_macro   0x0000000000017790      0x37d ./Core/Src/traffic_light.o
 .debug_macro   0x0000000000017b0d      0x1bb ./Drivers/STM32F1xx_HAL_Driver/Src/stm32f1xx_hal.o
 .debug_macro   0x0000000000017cc8      0x197 ./Drivers/STM32F1xx_HAL_Driver/Src/stm32f1xx_hal_cortex.o
 .debug_macro   0x0000000000017e5f      0x202 ./Drivers/STM32F1xx_HAL_Driver/Src/stm32f1xx_hal_gpio.o
 .debug_macro   0x0000000000018061      0x1a9 ./Drivers/STM32F1xx_HAL_Driver/Src/stm32f1xx_hal_rcc.o
 .debug_macro   0x000000000001820a      0x198 ./Drivers/STM32F1xx_HAL_Driver/Src/stm32f1xx_hal_tim.o
 .debug_macro   0x00000000000183a2      0x197 ./Drivers/STM32F1xx_HAL_Driver/Src/stm32f1xx_hal_tim_ex.o

.debug_line     0x0000000000000000     0xd845
 .debug_line    0x0000000000000000      0xa16 ./Core/Src/FMS_mode.o
 .debug_line    0x0000000000000a16      0xa39 ./Core/Src/LED7Seg_Display.o
 .debug_line    0x000000000000144f      0x9b6 ./Core/Src/Quet_LED7Seg.o
 .debug_line    0x0000000000001e05      0x7f4 ./Core/Src/button.o
 .debug_line    0x00000000000025f9      0x933 ./Core/Src/global.o
 .debug_line    0x0000000000002f2c      0xa2a ./Core/Src/main.o
 .debug_line    0x0000000000003956      0x73f ./Core/Src/software_timer.o
 .debug_line    0x0000000000004095      0x6cd ./Core/Src/stm32f1xx_hal_msp.o
 .debug_line    0x0000000000004762      0x76b ./Core/Src/stm32f1xx_it.o
 .debug_line    0x0000000000004ecd      0x70f ./Core/Src/system_stm32f1xx.o
 .debug_line    0x00000000000055dc      0xa9d ./Core/Src/traffic_light.o
 .debug_line    0x0000000000006079       0x86 ./Core/Startup/startup_stm32f103c6ux.o
 .debug_line    0x00000000000060ff      0x93c ./Drivers/STM32F1xx_HAL_Driver/Src/stm32f1xx_hal.o
 .debug_line    0x0000000000006a3b      0xb24 ./Drivers/STM32F1xx_HAL_Driver/Src/stm32f1xx_hal_cortex.o
 .debug_line    0x000000000000755f      0x9bf ./Drivers/STM32F1xx_HAL_Driver/Src/stm32f1xx_hal_gpio.o
 .debug_line    0x0000000000007f1e      0xd48 ./Drivers/STM32F1xx_HAL_Driver/Src/stm32f1xx_hal_rcc.o
 .debug_line    0x0000000000008c66     0x338d ./Drivers/STM32F1xx_HAL_Driver/Src/stm32f1xx_hal_tim.o
 .debug_line    0x000000000000bff3     0x1852 ./Drivers/STM32F1xx_HAL_Driver/Src/stm32f1xx_hal_tim_ex.o

.debug_str      0x0000000000000000    0x86665
 .debug_str     0x0000000000000000    0x83ec3 ./Core/Src/FMS_mode.o
                                      0x8434c (size before relaxing)
 .debug_str     0x0000000000083ec3       0x6c ./Core/Src/LED7Seg_Display.o
                                      0x83ca5 (size before relaxing)
 .debug_str     0x0000000000083f2f       0x48 ./Core/Src/Quet_LED7Seg.o
                                      0x8433b (size before relaxing)
 .debug_str     0x0000000000083f77       0xb1 ./Core/Src/button.o
                                      0x7fb7b (size before relaxing)
 .debug_str     0x0000000000084028       0x36 ./Core/Src/global.o
                                      0x842f8 (size before relaxing)
 .debug_str     0x000000000008405e      0x2a6 ./Core/Src/main.o
                                      0x845cc (size before relaxing)
 .debug_str     0x0000000000084304       0x87 ./Core/Src/software_timer.o
                                      0x8002c (size before relaxing)
 .debug_str     0x000000000008438b      0x2ba ./Core/Src/stm32f1xx_hal_msp.o
                                      0x80271 (size before relaxing)
 .debug_str     0x0000000000084645       0xcd ./Core/Src/stm32f1xx_it.o
                                      0x7ffd3 (size before relaxing)
 .debug_str     0x0000000000084712       0x52 ./Core/Src/system_stm32f1xx.o
                                      0x7f76c (size before relaxing)
 .debug_str     0x0000000000084764       0x88 ./Core/Src/traffic_light.o
                                      0x84397 (size before relaxing)
 .debug_str     0x00000000000847ec       0x36 ./Core/Startup/startup_stm32f103c6ux.o
                                         0x60 (size before relaxing)
 .debug_str     0x0000000000084822      0x304 ./Drivers/STM32F1xx_HAL_Driver/Src/stm32f1xx_hal.o
                                      0x7fdc3 (size before relaxing)
 .debug_str     0x0000000000084b26      0x300 ./Drivers/STM32F1xx_HAL_Driver/Src/stm32f1xx_hal_cortex.o
                                      0x7fdcb (size before relaxing)
 .debug_str     0x0000000000084e26      0x324 ./Drivers/STM32F1xx_HAL_Driver/Src/stm32f1xx_hal_gpio.o
                                      0x7fb30 (size before relaxing)
 .debug_str     0x000000000008514a      0x24f ./Drivers/STM32F1xx_HAL_Driver/Src/stm32f1xx_hal_rcc.o
                                      0x7fb69 (size before relaxing)
 .debug_str     0x0000000000085399      0xdde ./Drivers/STM32F1xx_HAL_Driver/Src/stm32f1xx_hal_tim.o
                                      0x80b52 (size before relaxing)
 .debug_str     0x0000000000086177      0x4ee ./Drivers/STM32F1xx_HAL_Driver/Src/stm32f1xx_hal_tim_ex.o
                                      0x802f3 (size before relaxing)

.comment        0x0000000000000000       0x53
 .comment       0x0000000000000000       0x53 ./Core/Src/FMS_mode.o
                                         0x54 (size before relaxing)
 .comment       0x0000000000000053       0x54 ./Core/Src/LED7Seg_Display.o
 .comment       0x0000000000000053       0x54 ./Core/Src/Quet_LED7Seg.o
 .comment       0x0000000000000053       0x54 ./Core/Src/button.o
 .comment       0x0000000000000053       0x54 ./Core/Src/global.o
 .comment       0x0000000000000053       0x54 ./Core/Src/main.o
 .comment       0x0000000000000053       0x54 ./Core/Src/software_timer.o
 .comment       0x0000000000000053       0x54 ./Core/Src/stm32f1xx_hal_msp.o
 .comment       0x0000000000000053       0x54 ./Core/Src/stm32f1xx_it.o
 .comment       0x0000000000000053       0x54 ./Core/Src/system_stm32f1xx.o
 .comment       0x0000000000000053       0x54 ./Core/Src/traffic_light.o
 .comment       0x0000000000000053       0x54 ./Drivers/STM32F1xx_HAL_Driver/Src/stm32f1xx_hal.o
 .comment       0x0000000000000053       0x54 ./Drivers/STM32F1xx_HAL_Driver/Src/stm32f1xx_hal_cortex.o
 .comment       0x0000000000000053       0x54 ./Drivers/STM32F1xx_HAL_Driver/Src/stm32f1xx_hal_gpio.o
 .comment       0x0000000000000053       0x54 ./Drivers/STM32F1xx_HAL_Driver/Src/stm32f1xx_hal_rcc.o
 .comment       0x0000000000000053       0x54 ./Drivers/STM32F1xx_HAL_Driver/Src/stm32f1xx_hal_tim.o
 .comment       0x0000000000000053       0x54 ./Drivers/STM32F1xx_HAL_Driver/Src/stm32f1xx_hal_tim_ex.o

.debug_frame    0x0000000000000000     0x290c
 .debug_frame   0x0000000000000000       0x2c ./Core/Src/FMS_mode.o
 .debug_frame   0x000000000000002c       0x84 ./Core/Src/LED7Seg_Display.o
 .debug_frame   0x00000000000000b0       0x50 ./Core/Src/Quet_LED7Seg.o
 .debug_frame   0x0000000000000100       0xd0 ./Core/Src/button.o
 .debug_frame   0x00000000000001d0       0x38 ./Core/Src/global.o
 .debug_frame   0x0000000000000208       0xb0 ./Core/Src/main.o
 .debug_frame   0x00000000000002b8       0xc8 ./Core/Src/software_timer.o
 .debug_frame   0x0000000000000380       0x80 ./Core/Src/stm32f1xx_hal_msp.o
 .debug_frame   0x0000000000000400      0x120 ./Core/Src/stm32f1xx_it.o
 .debug_frame   0x0000000000000520       0x58 ./Core/Src/system_stm32f1xx.o
 .debug_frame   0x0000000000000578       0x9c ./Core/Src/traffic_light.o
 .debug_frame   0x0000000000000614      0x334 ./Drivers/STM32F1xx_HAL_Driver/Src/stm32f1xx_hal.o
 .debug_frame   0x0000000000000948      0x428 ./Drivers/STM32F1xx_HAL_Driver/Src/stm32f1xx_hal_cortex.o
 .debug_frame   0x0000000000000d70      0x14c ./Drivers/STM32F1xx_HAL_Driver/Src/stm32f1xx_hal_gpio.o
 .debug_frame   0x0000000000000ebc      0x218 ./Drivers/STM32F1xx_HAL_Driver/Src/stm32f1xx_hal_rcc.o
 .debug_frame   0x00000000000010d4     0x11b4 ./Drivers/STM32F1xx_HAL_Driver/Src/stm32f1xx_hal_tim.o
 .debug_frame   0x0000000000002288      0x638 ./Drivers/STM32F1xx_HAL_Driver/Src/stm32f1xx_hal_tim_ex.o
 .debug_frame   0x00000000000028c0       0x2c d:/study/phanmem/stm32cubeide_1.7.0/stm32cubeide/plugins/com.st.stm32cube.ide.mcu.externaltools.gnu-tools-for-stm32.9-2020-q2-update.win32_2.0.0.202105311346/tools/bin/../lib/gcc/arm-none-eabi/9.3.1/../../../../arm-none-eabi/lib/thumb/v7-m/nofp\libc_nano.a(lib_a-init.o)
 .debug_frame   0x00000000000028ec       0x20 d:/study/phanmem/stm32cubeide_1.7.0/stm32cubeide/plugins/com.st.stm32cube.ide.mcu.externaltools.gnu-tools-for-stm32.9-2020-q2-update.win32_2.0.0.202105311346/tools/bin/../lib/gcc/arm-none-eabi/9.3.1/../../../../arm-none-eabi/lib/thumb/v7-m/nofp\libc_nano.a(lib_a-memset.o)
